exports[`HomePage renders as expected 1`] = `
<div>
  <h1>
    React Slingshot
  </h1>
  <h2>
    Get Started
  </h2>
  <ol>
    <li>
      Review the 
      <a
        onClick={[Function]}
        style={Object {}}>
        demo app
      </a>
    </li>
    <li>
      Remove the demo and start coding: npm run remove-demo
    </li>
  </ol>
</div>
`;
